The programmer 1 took the task 1
Trying to do with the programmer 1
3: the task for the programmer 1 true!
Task 1 completed!
All tasks completed!
